14:23:42 **** Incremental Build of configuration Debug for project fw_fabrica_franzininhoC0 ****
make -j16 all 
arm-none-eabi-gcc "../Core/Src/main.c" -mcpu=cortex-m0plus -std=gnu11 -g3 -DDEBUG -DUSE_HAL_DRIVER -DSTM32C011xx -c -I../Core/Inc -I../Drivers/STM32C0xx_HAL_Driver/Inc -I../Drivers/STM32C0xx_HAL_Driver/Inc/Legacy -I../Drivers/CMSIS/Device/ST/STM32C0xx/Include -I../Drivers/CMSIS/Include -O0 -ffunction-sections -fdata-sections -Wall -fstack-usage -fcyclomatic-complexity -MMD -MP -MF"Core/Src/main.d" -MT"Core/Src/main.o" --specs=nano.specs -mfloat-abi=soft -mthumb -o "Core/Src/main.o"
arm-none-eabi-gcc -o "fw_fabrica_franzininhoC0.elf" @"objects.list"   -mcpu=cortex-m0plus -T"C:\Users\fabio\OneDrive\Documentos\GitHub\franzininho-c0-board\fw_fabrica_franzininhoC0\STM32C011F6PX_FLASH.ld" --specs=nosys.specs -Wl,-Map="fw_fabrica_franzininhoC0.map" -Wl,--gc-sections -static --specs=nano.specs -mfloat-abi=soft -mthumb -Wl,--start-group -lc -lm -Wl,--end-group
Finished building target: fw_fabrica_franzininhoC0.elf
 
arm-none-eabi-size   fw_fabrica_franzininhoC0.elf 
arm-none-eabi-objdump -h -S  fw_fabrica_franzininhoC0.elf  > "fw_fabrica_franzininhoC0.list"
   text	   data	    bss	    dec	    hex	filename
   9140	     20	   1716	  10876	   2a7c	fw_fabrica_franzininhoC0.elf
Finished building: default.size.stdout
 
Finished building: fw_fabrica_franzininhoC0.list
 

14:23:44 Build Finished. 0 errors, 0 warnings. (took 1s.595ms)

